Archive member included because of file (symbol)

c:/winavr-20100110/bin/../lib/gcc/avr/4.3.3/avr5\libgcc.a(_udivmodsi4.o)
                              ./main.o (__udivmodsi4)
c:/winavr-20100110/bin/../lib/gcc/avr/4.3.3/avr5\libgcc.a(_exit.o)
                              c:/winavr-20100110/bin/../lib/gcc/avr/4.3.3/../../../../avr/lib/avr5/crtm328p.o (exit)
c:/winavr-20100110/bin/../lib/gcc/avr/4.3.3/avr5\libgcc.a(_copy_data.o)
                              ./nrf24.o (__do_copy_data)
c:/winavr-20100110/bin/../lib/gcc/avr/4.3.3/avr5\libgcc.a(_clear_bss.o)
                              ./nrf24.o (__do_clear_bss)

Allocating common symbols
Common symbol       size              file

payload_len         0x1               ./nrf24.o

Memory Configuration

Name             Origin             Length             Attributes
text             0x00000000         0x00020000         xr
data             0x00800060         0x0000ffa0         rw !x
eeprom           0x00810000         0x00010000         rw !x
fuse             0x00820000         0x00000400         rw !x
lock             0x00830000         0x00000400         rw !x
signature        0x00840000         0x00000400         rw !x
*default*        0x00000000         0xffffffff

Linker script and memory map

Address of section .data set to 0x800100
LOAD c:/winavr-20100110/bin/../lib/gcc/avr/4.3.3/../../../../avr/lib/avr5/crtm328p.o
LOAD ./gpio.o
LOAD ./main.o
LOAD ./nrf24.o
LOAD ./radioPinFunctions.o
LOAD ./timer.o
LOAD ./uart.o
LOAD c:/winavr-20100110/bin/../lib/gcc/avr/4.3.3/avr5\libgcc.a
LOAD c:/winavr-20100110/bin/../lib/gcc/avr/4.3.3/../../../../avr/lib/avr5\libc.a
LOAD c:/winavr-20100110/bin/../lib/gcc/avr/4.3.3/avr5\libgcc.a

.hash
 *(.hash)

.dynsym
 *(.dynsym)

.dynstr
 *(.dynstr)

.gnu.version
 *(.gnu.version)

.gnu.version_d
 *(.gnu.version_d)

.gnu.version_r
 *(.gnu.version_r)

.rel.init
 *(.rel.init)

.rela.init
 *(.rela.init)

.rel.text
 *(.rel.text)
 *(.rel.text.*)
 *(.rel.gnu.linkonce.t*)

.rela.text
 *(.rela.text)
 *(.rela.text.*)
 *(.rela.gnu.linkonce.t*)

.rel.fini
 *(.rel.fini)

.rela.fini
 *(.rela.fini)

.rel.rodata
 *(.rel.rodata)
 *(.rel.rodata.*)
 *(.rel.gnu.linkonce.r*)

.rela.rodata
 *(.rela.rodata)
 *(.rela.rodata.*)
 *(.rela.gnu.linkonce.r*)

.rel.data
 *(.rel.data)
 *(.rel.data.*)
 *(.rel.gnu.linkonce.d*)

.rela.data
 *(.rela.data)
 *(.rela.data.*)
 *(.rela.gnu.linkonce.d*)

.rel.ctors
 *(.rel.ctors)

.rela.ctors
 *(.rela.ctors)

.rel.dtors
 *(.rel.dtors)

.rela.dtors
 *(.rela.dtors)

.rel.got
 *(.rel.got)

.rela.got
 *(.rela.got)

.rel.bss
 *(.rel.bss)

.rela.bss
 *(.rela.bss)

.rel.plt
 *(.rel.plt)

.rela.plt
 *(.rela.plt)

.text           0x00000000      0x888
 *(.vectors)
 .vectors       0x00000000       0x68 c:/winavr-20100110/bin/../lib/gcc/avr/4.3.3/../../../../avr/lib/avr5/crtm328p.o
                0x00000000                __vectors
                0x00000000                __vector_default
 *(.vectors)
 *(.progmem.gcc*)
 *(.progmem*)
                0x00000068                . = ALIGN (0x2)
                0x00000068                __trampolines_start = .
 *(.trampolines)
 .trampolines   0x00000068        0x0 linker stubs
 *(.trampolines*)
                0x00000068                __trampolines_end = .
 *(.jumptables)
 *(.jumptables*)
 *(.lowtext)
 *(.lowtext*)
                0x00000068                __ctors_start = .
 *(.ctors)
                0x00000068                __ctors_end = .
                0x00000068                __dtors_start = .
 *(.dtors)
                0x00000068                __dtors_end = .
 SORT(*)(.ctors)
 SORT(*)(.dtors)
 *(.init0)
 .init0         0x00000068        0x0 c:/winavr-20100110/bin/../lib/gcc/avr/4.3.3/../../../../avr/lib/avr5/crtm328p.o
                0x00000068                __init
 *(.init0)
 *(.init1)
 *(.init1)
 *(.init2)
 .init2         0x00000068        0xc c:/winavr-20100110/bin/../lib/gcc/avr/4.3.3/../../../../avr/lib/avr5/crtm328p.o
 *(.init2)
 *(.init3)
 *(.init3)
 *(.init4)
 .init4         0x00000074       0x16 c:/winavr-20100110/bin/../lib/gcc/avr/4.3.3/avr5\libgcc.a(_copy_data.o)
                0x00000074                __do_copy_data
 .init4         0x0000008a       0x10 c:/winavr-20100110/bin/../lib/gcc/avr/4.3.3/avr5\libgcc.a(_clear_bss.o)
                0x0000008a                __do_clear_bss
 *(.init4)
 *(.init5)
 *(.init5)
 *(.init6)
 *(.init6)
 *(.init7)
 *(.init7)
 *(.init8)
 *(.init8)
 *(.init9)
 .init9         0x0000009a        0x8 c:/winavr-20100110/bin/../lib/gcc/avr/4.3.3/../../../../avr/lib/avr5/crtm328p.o
 *(.init9)
 *(.text)
 .text          0x000000a2        0x4 c:/winavr-20100110/bin/../lib/gcc/avr/4.3.3/../../../../avr/lib/avr5/crtm328p.o
                0x000000a2                __vector_22
                0x000000a2                __vector_1
                0x000000a2                __vector_24
                0x000000a2                __vector_12
                0x000000a2                __bad_interrupt
                0x000000a2                __vector_6
                0x000000a2                __vector_3
                0x000000a2                __vector_23
                0x000000a2                __vector_25
                0x000000a2                __vector_13
                0x000000a2                __vector_17
                0x000000a2                __vector_19
                0x000000a2                __vector_7
                0x000000a2                __vector_5
                0x000000a2                __vector_4
                0x000000a2                __vector_9
                0x000000a2                __vector_2
                0x000000a2                __vector_21
                0x000000a2                __vector_15
                0x000000a2                __vector_8
                0x000000a2                __vector_14
                0x000000a2                __vector_10
                0x000000a2                __vector_16
                0x000000a2                __vector_18
                0x000000a2                __vector_20
 .text          0x000000a6        0x0 ./gpio.o
 .text          0x000000a6        0x0 ./main.o
 .text          0x000000a6        0x0 ./nrf24.o
 .text          0x000000a6        0x0 ./radioPinFunctions.o
 .text          0x000000a6        0x0 ./timer.o
 .text          0x000000a6        0x0 ./uart.o
 .text          0x000000a6        0x0 c:/winavr-20100110/bin/../lib/gcc/avr/4.3.3/avr5\libgcc.a(_udivmodsi4.o)
 .text          0x000000a6        0x0 c:/winavr-20100110/bin/../lib/gcc/avr/4.3.3/avr5\libgcc.a(_exit.o)
 .text          0x000000a6        0x0 c:/winavr-20100110/bin/../lib/gcc/avr/4.3.3/avr5\libgcc.a(_copy_data.o)
 .text          0x000000a6        0x0 c:/winavr-20100110/bin/../lib/gcc/avr/4.3.3/avr5\libgcc.a(_clear_bss.o)
                0x000000a6                . = ALIGN (0x2)
 *(.text.*)
 .text.gpio_init
                0x000000a6       0x18 ./gpio.o
                0x000000a6                gpio_init
 .text.digital_read
                0x000000be       0x42 ./gpio.o
                0x000000be                digital_read
 .text.analog_read
                0x00000100      0x1a4 ./gpio.o
                0x00000100                analog_read
 .text.main     0x000002a4      0x128 ./main.o
                0x000002a4                main
 .text.nrf24_payload_length
                0x000003cc        0x6 ./nrf24.o
                0x000003cc                nrf24_payload_length
 .text.spi_transfer
                0x000003d2       0x6a ./nrf24.o
                0x000003d2                spi_transfer
 .text.nrf24_configRegister
                0x0000043c       0x2a ./nrf24.o
                0x0000043c                nrf24_configRegister
 .text.nrf24_powerUpTx
                0x00000466       0x12 ./nrf24.o
                0x00000466                nrf24_powerUpTx
 .text.nrf24_transmitSync
                0x00000478       0x26 ./nrf24.o
                0x00000478                nrf24_transmitSync
 .text.nrf24_writeRegister
                0x0000049e       0x36 ./nrf24.o
                0x0000049e                nrf24_writeRegister
 .text.nrf24_tx_address
                0x000004d4       0x20 ./nrf24.o
                0x000004d4                nrf24_tx_address
 .text.nrf24_transferSync
                0x000004f4       0x42 ./nrf24.o
                0x000004f4                nrf24_transferSync
 .text.nrf24_readRegister
                0x00000536       0x36 ./nrf24.o
                0x00000536                nrf24_readRegister
 .text.nrf24_retransmissionCount
                0x0000056c       0x24 ./nrf24.o
                0x0000056c                nrf24_retransmissionCount
 .text.nrf24_rxFifoEmpty
                0x00000590       0x24 ./nrf24.o
                0x00000590                nrf24_rxFifoEmpty
 .text.nrf24_getStatus
                0x000005b4       0x1c ./nrf24.o
                0x000005b4                nrf24_getStatus
 .text.nrf24_lastMessageStatus
                0x000005d0       0x18 ./nrf24.o
                0x000005d0                nrf24_lastMessageStatus
 .text.nrf24_isSending
                0x000005e8       0x10 ./nrf24.o
                0x000005e8                nrf24_isSending
 .text.nrf24_dataReady
                0x000005f8       0x18 ./nrf24.o
                0x000005f8                nrf24_dataReady
 .text.nrf24_getData
                0x00000610       0x32 ./nrf24.o
                0x00000610                nrf24_getData
 .text.nrf24_payloadLength
                0x00000642       0x22 ./nrf24.o
                0x00000642                nrf24_payloadLength
 .text.nrf24_powerDown
                0x00000664       0x10 ./nrf24.o
                0x00000664                nrf24_powerDown
 .text.nrf24_powerUpRx
                0x00000674       0x30 ./nrf24.o
                0x00000674                nrf24_powerUpRx
 .text.nrf24_config
                0x000006a4       0x76 ./nrf24.o
                0x000006a4                nrf24_config
 .text.nrf24_send
                0x0000071a       0x4a ./nrf24.o
                0x0000071a                nrf24_send
 .text.nrf24_rx_address
                0x00000764       0x22 ./nrf24.o
                0x00000764                nrf24_rx_address
 .text.nrf24_init
                0x00000786       0x2a ./nrf24.o
                0x00000786                nrf24_init
 .text.nrf24_setupPins
                0x000007b0        0xc ./radioPinFunctions.o
                0x000007b0                nrf24_setupPins
 .text.nrf24_ce_digitalWrite
                0x000007bc        0xc ./radioPinFunctions.o
                0x000007bc                nrf24_ce_digitalWrite
 .text.nrf24_csn_digitalWrite
                0x000007c8        0xc ./radioPinFunctions.o
                0x000007c8                nrf24_csn_digitalWrite
 .text.nrf24_sck_digitalWrite
                0x000007d4        0xc ./radioPinFunctions.o
                0x000007d4                nrf24_sck_digitalWrite
 .text.nrf24_mosi_digitalWrite
                0x000007e0        0xc ./radioPinFunctions.o
                0x000007e0                nrf24_mosi_digitalWrite
 .text.nrf24_miso_digitalRead
                0x000007ec        0x6 ./radioPinFunctions.o
                0x000007ec                nrf24_miso_digitalRead
 .text.timer_init
                0x000007f2       0x2a ./timer.o
                0x000007f2                timer_init
 .text.__vector_11
                0x0000081c       0x24 ./timer.o
                0x0000081c                __vector_11
 .text.libgcc   0x00000840       0x44 c:/winavr-20100110/bin/../lib/gcc/avr/4.3.3/avr5\libgcc.a(_udivmodsi4.o)
                0x00000840                __udivmodsi4
 .text.libgcc   0x00000884        0x0 c:/winavr-20100110/bin/../lib/gcc/avr/4.3.3/avr5\libgcc.a(_exit.o)
 .text.libgcc   0x00000884        0x0 c:/winavr-20100110/bin/../lib/gcc/avr/4.3.3/avr5\libgcc.a(_copy_data.o)
 .text.libgcc   0x00000884        0x0 c:/winavr-20100110/bin/../lib/gcc/avr/4.3.3/avr5\libgcc.a(_clear_bss.o)
                0x00000884                . = ALIGN (0x2)
 *(.fini9)
 .fini9         0x00000884        0x0 c:/winavr-20100110/bin/../lib/gcc/avr/4.3.3/avr5\libgcc.a(_exit.o)
                0x00000884                exit
                0x00000884                _exit
 *(.fini9)
 *(.fini8)
 *(.fini8)
 *(.fini7)
 *(.fini7)
 *(.fini6)
 *(.fini6)
 *(.fini5)
 *(.fini5)
 *(.fini4)
 *(.fini4)
 *(.fini3)
 *(.fini3)
 *(.fini2)
 *(.fini2)
 *(.fini1)
 *(.fini1)
 *(.fini0)
 .fini0         0x00000884        0x4 c:/winavr-20100110/bin/../lib/gcc/avr/4.3.3/avr5\libgcc.a(_exit.o)
 *(.fini0)
                0x00000888                _etext = .

.data           0x00800100        0xa load address 0x00000888
                0x00800100                PROVIDE (__data_start, .)
 *(.data)
 .data          0x00800100        0x0 c:/winavr-20100110/bin/../lib/gcc/avr/4.3.3/../../../../avr/lib/avr5/crtm328p.o
 .data          0x00800100        0x0 ./gpio.o
 .data          0x00800100        0x0 ./main.o
 .data          0x00800100        0x0 ./nrf24.o
 .data          0x00800100        0x0 ./radioPinFunctions.o
 .data          0x00800100        0x0 ./timer.o
 .data          0x00800100        0x0 ./uart.o
 .data          0x00800100        0x0 c:/winavr-20100110/bin/../lib/gcc/avr/4.3.3/avr5\libgcc.a(_udivmodsi4.o)
 .data          0x00800100        0x0 c:/winavr-20100110/bin/../lib/gcc/avr/4.3.3/avr5\libgcc.a(_exit.o)
 .data          0x00800100        0x0 c:/winavr-20100110/bin/../lib/gcc/avr/4.3.3/avr5\libgcc.a(_copy_data.o)
 .data          0x00800100        0x0 c:/winavr-20100110/bin/../lib/gcc/avr/4.3.3/avr5\libgcc.a(_clear_bss.o)
 *(.data*)
 .data.rx_address
                0x00800100        0x5 ./nrf24.o
                0x00800100                rx_address
 .data.tx_address
                0x00800105        0x5 ./nrf24.o
                0x00800105                tx_address
 *(.rodata)
 *(.rodata*)
 *(.gnu.linkonce.d*)
                0x0080010a                . = ALIGN (0x2)
                0x0080010a                _edata = .
                0x0080010a                PROVIDE (__data_end, .)

.bss            0x0080010a        0x1
                0x0080010a                PROVIDE (__bss_start, .)
 *(.bss)
 .bss           0x0080010a        0x0 c:/winavr-20100110/bin/../lib/gcc/avr/4.3.3/../../../../avr/lib/avr5/crtm328p.o
 .bss           0x0080010a        0x0 ./gpio.o
 .bss           0x0080010a        0x0 ./main.o
 .bss           0x0080010a        0x0 ./nrf24.o
 .bss           0x0080010a        0x0 ./radioPinFunctions.o
 .bss           0x0080010a        0x0 ./timer.o
 .bss           0x0080010a        0x0 ./uart.o
 .bss           0x0080010a        0x0 c:/winavr-20100110/bin/../lib/gcc/avr/4.3.3/avr5\libgcc.a(_udivmodsi4.o)
 .bss           0x0080010a        0x0 c:/winavr-20100110/bin/../lib/gcc/avr/4.3.3/avr5\libgcc.a(_exit.o)
 .bss           0x0080010a        0x0 c:/winavr-20100110/bin/../lib/gcc/avr/4.3.3/avr5\libgcc.a(_copy_data.o)
 .bss           0x0080010a        0x0 c:/winavr-20100110/bin/../lib/gcc/avr/4.3.3/avr5\libgcc.a(_clear_bss.o)
 *(.bss*)
 *(COMMON)
 COMMON         0x0080010a        0x1 ./nrf24.o
                0x0080010a                payload_len
                0x0080010b                PROVIDE (__bss_end, .)
                0x00000888                __data_load_start = LOADADDR (.data)
                0x00000892                __data_load_end = (__data_load_start + SIZEOF (.data))

.noinit         0x0080010b        0x0
                0x0080010b                PROVIDE (__noinit_start, .)
 *(.noinit*)
                0x0080010b                PROVIDE (__noinit_end, .)
                0x0080010b                _end = .
                0x0080010b                PROVIDE (__heap_start, .)

.eeprom         0x00810000        0x0
 *(.eeprom*)
                0x00810000                __eeprom_end = .

.fuse
 *(.fuse)
 *(.lfuse)
 *(.hfuse)
 *(.efuse)

.lock
 *(.lock*)

.signature
 *(.signature*)

.stab
 *(.stab)

.stabstr
 *(.stabstr)

.stab.excl
 *(.stab.excl)

.stab.exclstr
 *(.stab.exclstr)

.stab.index
 *(.stab.index)

.stab.indexstr
 *(.stab.indexstr)

.comment
 *(.comment)

.debug
 *(.debug)

.line
 *(.line)

.debug_srcinfo
 *(.debug_srcinfo)

.debug_sfnames
 *(.debug_sfnames)

.debug_aranges
 *(.debug_aranges)

.debug_pubnames
 *(.debug_pubnames)

.debug_info
 *(.debug_info)
 *(.gnu.linkonce.wi.*)

.debug_abbrev
 *(.debug_abbrev)

.debug_line
 *(.debug_line)

.debug_frame
 *(.debug_frame)

.debug_str
 *(.debug_str)

.debug_loc
 *(.debug_loc)

.debug_macinfo
 *(.debug_macinfo)
OUTPUT(WirelessController.elf elf32-avr)
LOAD linker stubs
